// Jest Snapshot v1, https://goo.gl/fbAQLP

exports[`LoginPage Unit Tests renders 1`] = `
ShallowWrapper {
  Symbol(enzyme.__root__): [Circular],
  Symbol(enzyme.__unrendered__): <LoginPage />,
  Symbol(enzyme.__renderer__): Object {
    "batchedUpdates": [Function],
    "checkPropTypes": [Function],
    "getNode": [Function],
    "render": [Function],
    "simulateError": [Function],
    "simulateEvent": [Function],
    "unmount": [Function],
  },
  Symbol(enzyme.__node__): Object {
    "instance": null,
    "key": undefined,
    "nodeType": "host",
    "props": Object {
      "children": <div
        className="centerLogin"
      >
        <img
          alt="JobSage Logo"
          className="img-fluid"
          src="logo.png"
        />
        <h1
          className="display-3"
          id="applicationTitle"
        >
          JobSage
        </h1>
        <div
          className="form"
        >
          <form
            className="loginform"
            onSubmit={[Function]}
          >
            <div
              className="form-group"
            >
              <label>
                Email Address
              </label>
              <input
                aria-describedby="emailHelp"
                className="form-control"
                id="email"
                name="email"
                onChange={[Function]}
                placeholder="Enter email"
                type="email"
              />
            </div>
            <div
              className="form-group"
            >
              <label>
                Password
              </label>
              <input
                className="form-control"
                id="exampleInputPassword1"
                name="password"
                onChange={[Function]}
                placeholder="Password"
                type="password"
              />
            </div>
            <button
              className="btn btn-primary"
              type="submit"
            >
              Submit
            </button>
          </form>
          <a
            href="/signup"
            id="signUpLink"
          >
            Don't have an account?
          </a>
        </div>
      </div>,
    },
    "ref": null,
    "rendered": Object {
      "instance": null,
      "key": undefined,
      "nodeType": "host",
      "props": Object {
        "children": Array [
          <img
            alt="JobSage Logo"
            className="img-fluid"
            src="logo.png"
          />,
          <h1
            className="display-3"
            id="applicationTitle"
          >
            JobSage
          </h1>,
          false,
          <div
            className="form"
          >
            <form
              className="loginform"
              onSubmit={[Function]}
            >
              <div
                className="form-group"
              >
                <label>
                  Email Address
                </label>
                <input
                  aria-describedby="emailHelp"
                  className="form-control"
                  id="email"
                  name="email"
                  onChange={[Function]}
                  placeholder="Enter email"
                  type="email"
                />
              </div>
              <div
                className="form-group"
              >
                <label>
                  Password
                </label>
                <input
                  className="form-control"
                  id="exampleInputPassword1"
                  name="password"
                  onChange={[Function]}
                  placeholder="Password"
                  type="password"
                />
              </div>
              <button
                className="btn btn-primary"
                type="submit"
              >
                Submit
              </button>
            </form>
            <a
              href="/signup"
              id="signUpLink"
            >
              Don't have an account?
            </a>
          </div>,
        ],
        "className": "centerLogin",
      },
      "ref": null,
      "rendered": Array [
        Object {
          "instance": null,
          "key": undefined,
          "nodeType": "host",
          "props": Object {
            "alt": "JobSage Logo",
            "className": "img-fluid",
            "src": "logo.png",
          },
          "ref": null,
          "rendered": null,
          "type": "img",
        },
        Object {
          "instance": null,
          "key": undefined,
          "nodeType": "host",
          "props": Object {
            "children": "JobSage",
            "className": "display-3",
            "id": "applicationTitle",
          },
          "ref": null,
          "rendered": "JobSage",
          "type": "h1",
        },
        false,
        Object {
          "instance": null,
          "key": undefined,
          "nodeType": "host",
          "props": Object {
            "children": Array [
              <form
                className="loginform"
                onSubmit={[Function]}
              >
                <div
                  className="form-group"
                >
                  <label>
                    Email Address
                  </label>
                  <input
                    aria-describedby="emailHelp"
                    className="form-control"
                    id="email"
                    name="email"
                    onChange={[Function]}
                    placeholder="Enter email"
                    type="email"
                  />
                </div>
                <div
                  className="form-group"
                >
                  <label>
                    Password
                  </label>
                  <input
                    className="form-control"
                    id="exampleInputPassword1"
                    name="password"
                    onChange={[Function]}
                    placeholder="Password"
                    type="password"
                  />
                </div>
                <button
                  className="btn btn-primary"
                  type="submit"
                >
                  Submit
                </button>
              </form>,
              <a
                href="/signup"
                id="signUpLink"
              >
                Don't have an account?
              </a>,
            ],
            "className": "form",
          },
          "ref": null,
          "rendered": Array [
            Object {
              "instance": null,
              "key": undefined,
              "nodeType": "host",
              "props": Object {
                "children": Array [
                  <div
                    className="form-group"
                  >
                    <label>
                      Email Address
                    </label>
                    <input
                      aria-describedby="emailHelp"
                      className="form-control"
                      id="email"
                      name="email"
                      onChange={[Function]}
                      placeholder="Enter email"
                      type="email"
                    />
                  </div>,
                  <div
                    className="form-group"
                  >
                    <label>
                      Password
                    </label>
                    <input
                      className="form-control"
                      id="exampleInputPassword1"
                      name="password"
                      onChange={[Function]}
                      placeholder="Password"
                      type="password"
                    />
                  </div>,
                  <button
                    className="btn btn-primary"
                    type="submit"
                  >
                    Submit
                  </button>,
                ],
                "className": "loginform",
                "onSubmit": [Function],
              },
              "ref": null,
              "rendered": Array [
                Object {
                  "instance": null,
                  "key": undefined,
                  "nodeType": "host",
                  "props": Object {
                    "children": Array [
                      <label>
                        Email Address
                      </label>,
                      <input
                        aria-describedby="emailHelp"
                        className="form-control"
                        id="email"
                        name="email"
                        onChange={[Function]}
                        placeholder="Enter email"
                        type="email"
                      />,
                    ],
                    "className": "form-group",
                  },
                  "ref": null,
                  "rendered": Array [
                    Object {
                      "instance": null,
                      "key": undefined,
                      "nodeType": "host",
                      "props": Object {
                        "children": "Email Address",
                      },
                      "ref": null,
                      "rendered": "Email Address",
                      "type": "label",
                    },
                    Object {
                      "instance": null,
                      "key": undefined,
                      "nodeType": "host",
                      "props": Object {
                        "aria-describedby": "emailHelp",
                        "className": "form-control",
                        "id": "email",
                        "name": "email",
                        "onChange": [Function],
                        "placeholder": "Enter email",
                        "type": "email",
                      },
                      "ref": null,
                      "rendered": null,
                      "type": "input",
                    },
                  ],
                  "type": "div",
                },
                Object {
                  "instance": null,
                  "key": undefined,
                  "nodeType": "host",
                  "props": Object {
                    "children": Array [
                      <label>
                        Password
                      </label>,
                      <input
                        className="form-control"
                        id="exampleInputPassword1"
                        name="password"
                        onChange={[Function]}
                        placeholder="Password"
                        type="password"
                      />,
                    ],
                    "className": "form-group",
                  },
                  "ref": null,
                  "rendered": Array [
                    Object {
                      "instance": null,
                      "key": undefined,
                      "nodeType": "host",
                      "props": Object {
                        "children": "Password",
                      },
                      "ref": null,
                      "rendered": "Password",
                      "type": "label",
                    },
                    Object {
                      "instance": null,
                      "key": undefined,
                      "nodeType": "host",
                      "props": Object {
                        "className": "form-control",
                        "id": "exampleInputPassword1",
                        "name": "password",
                        "onChange": [Function],
                        "placeholder": "Password",
                        "type": "password",
                      },
                      "ref": null,
                      "rendered": null,
                      "type": "input",
                    },
                  ],
                  "type": "div",
                },
                Object {
                  "instance": null,
                  "key": undefined,
                  "nodeType": "host",
                  "props": Object {
                    "children": "Submit",
                    "className": "btn btn-primary",
                    "type": "submit",
                  },
                  "ref": null,
                  "rendered": "Submit",
                  "type": "button",
                },
              ],
              "type": "form",
            },
            Object {
              "instance": null,
              "key": undefined,
              "nodeType": "host",
              "props": Object {
                "children": "Don't have an account?",
                "href": "/signup",
                "id": "signUpLink",
              },
              "ref": null,
              "rendered": "Don't have an account?",
              "type": "a",
            },
          ],
          "type": "div",
        },
      ],
      "type": "div",
    },
    "type": "div",
  },
  Symbol(enzyme.__nodes__): Array [
    Object {
      "instance": null,
      "key": undefined,
      "nodeType": "host",
      "props": Object {
        "children": <div
          className="centerLogin"
        >
          <img
            alt="JobSage Logo"
            className="img-fluid"
            src="logo.png"
          />
          <h1
            className="display-3"
            id="applicationTitle"
          >
            JobSage
          </h1>
          <div
            className="form"
          >
            <form
              className="loginform"
              onSubmit={[Function]}
            >
              <div
                className="form-group"
              >
                <label>
                  Email Address
                </label>
                <input
                  aria-describedby="emailHelp"
                  className="form-control"
                  id="email"
                  name="email"
                  onChange={[Function]}
                  placeholder="Enter email"
                  type="email"
                />
              </div>
              <div
                className="form-group"
              >
                <label>
                  Password
                </label>
                <input
                  className="form-control"
                  id="exampleInputPassword1"
                  name="password"
                  onChange={[Function]}
                  placeholder="Password"
                  type="password"
                />
              </div>
              <button
                className="btn btn-primary"
                type="submit"
              >
                Submit
              </button>
            </form>
            <a
              href="/signup"
              id="signUpLink"
            >
              Don't have an account?
            </a>
          </div>
        </div>,
      },
      "ref": null,
      "rendered": Object {
        "instance": null,
        "key": undefined,
        "nodeType": "host",
        "props": Object {
          "children": Array [
            <img
              alt="JobSage Logo"
              className="img-fluid"
              src="logo.png"
            />,
            <h1
              className="display-3"
              id="applicationTitle"
            >
              JobSage
            </h1>,
            false,
            <div
              className="form"
            >
              <form
                className="loginform"
                onSubmit={[Function]}
              >
                <div
                  className="form-group"
                >
                  <label>
                    Email Address
                  </label>
                  <input
                    aria-describedby="emailHelp"
                    className="form-control"
                    id="email"
                    name="email"
                    onChange={[Function]}
                    placeholder="Enter email"
                    type="email"
                  />
                </div>
                <div
                  className="form-group"
                >
                  <label>
                    Password
                  </label>
                  <input
                    className="form-control"
                    id="exampleInputPassword1"
                    name="password"
                    onChange={[Function]}
                    placeholder="Password"
                    type="password"
                  />
                </div>
                <button
                  className="btn btn-primary"
                  type="submit"
                >
                  Submit
                </button>
              </form>
              <a
                href="/signup"
                id="signUpLink"
              >
                Don't have an account?
              </a>
            </div>,
          ],
          "className": "centerLogin",
        },
        "ref": null,
        "rendered": Array [
          Object {
            "instance": null,
            "key": undefined,
            "nodeType": "host",
            "props": Object {
              "alt": "JobSage Logo",
              "className": "img-fluid",
              "src": "logo.png",
            },
            "ref": null,
            "rendered": null,
            "type": "img",
          },
          Object {
            "instance": null,
            "key": undefined,
            "nodeType": "host",
            "props": Object {
              "children": "JobSage",
              "className": "display-3",
              "id": "applicationTitle",
            },
            "ref": null,
            "rendered": "JobSage",
            "type": "h1",
          },
          false,
          Object {
            "instance": null,
            "key": undefined,
            "nodeType": "host",
            "props": Object {
              "children": Array [
                <form
                  className="loginform"
                  onSubmit={[Function]}
                >
                  <div
                    className="form-group"
                  >
                    <label>
                      Email Address
                    </label>
                    <input
                      aria-describedby="emailHelp"
                      className="form-control"
                      id="email"
                      name="email"
                      onChange={[Function]}
                      placeholder="Enter email"
                      type="email"
                    />
                  </div>
                  <div
                    className="form-group"
                  >
                    <label>
                      Password
                    </label>
                    <input
                      className="form-control"
                      id="exampleInputPassword1"
                      name="password"
                      onChange={[Function]}
                      placeholder="Password"
                      type="password"
                    />
                  </div>
                  <button
                    className="btn btn-primary"
                    type="submit"
                  >
                    Submit
                  </button>
                </form>,
                <a
                  href="/signup"
                  id="signUpLink"
                >
                  Don't have an account?
                </a>,
              ],
              "className": "form",
            },
            "ref": null,
            "rendered": Array [
              Object {
                "instance": null,
                "key": undefined,
                "nodeType": "host",
                "props": Object {
                  "children": Array [
                    <div
                      className="form-group"
                    >
                      <label>
                        Email Address
                      </label>
                      <input
                        aria-describedby="emailHelp"
                        className="form-control"
                        id="email"
                        name="email"
                        onChange={[Function]}
                        placeholder="Enter email"
                        type="email"
                      />
                    </div>,
                    <div
                      className="form-group"
                    >
                      <label>
                        Password
                      </label>
                      <input
                        className="form-control"
                        id="exampleInputPassword1"
                        name="password"
                        onChange={[Function]}
                        placeholder="Password"
                        type="password"
                      />
                    </div>,
                    <button
                      className="btn btn-primary"
                      type="submit"
                    >
                      Submit
                    </button>,
                  ],
                  "className": "loginform",
                  "onSubmit": [Function],
                },
                "ref": null,
                "rendered": Array [
                  Object {
                    "instance": null,
                    "key": undefined,
                    "nodeType": "host",
                    "props": Object {
                      "children": Array [
                        <label>
                          Email Address
                        </label>,
                        <input
                          aria-describedby="emailHelp"
                          className="form-control"
                          id="email"
                          name="email"
                          onChange={[Function]}
                          placeholder="Enter email"
                          type="email"
                        />,
                      ],
                      "className": "form-group",
                    },
                    "ref": null,
                    "rendered": Array [
                      Object {
                        "instance": null,
                        "key": undefined,
                        "nodeType": "host",
                        "props": Object {
                          "children": "Email Address",
                        },
                        "ref": null,
                        "rendered": "Email Address",
                        "type": "label",
                      },
                      Object {
                        "instance": null,
                        "key": undefined,
                        "nodeType": "host",
                        "props": Object {
                          "aria-describedby": "emailHelp",
                          "className": "form-control",
                          "id": "email",
                          "name": "email",
                          "onChange": [Function],
                          "placeholder": "Enter email",
                          "type": "email",
                        },
                        "ref": null,
                        "rendered": null,
                        "type": "input",
                      },
                    ],
                    "type": "div",
                  },
                  Object {
                    "instance": null,
                    "key": undefined,
                    "nodeType": "host",
                    "props": Object {
                      "children": Array [
                        <label>
                          Password
                        </label>,
                        <input
                          className="form-control"
                          id="exampleInputPassword1"
                          name="password"
                          onChange={[Function]}
                          placeholder="Password"
                          type="password"
                        />,
                      ],
                      "className": "form-group",
                    },
                    "ref": null,
                    "rendered": Array [
                      Object {
                        "instance": null,
                        "key": undefined,
                        "nodeType": "host",
                        "props": Object {
                          "children": "Password",
                        },
                        "ref": null,
                        "rendered": "Password",
                        "type": "label",
                      },
                      Object {
                        "instance": null,
                        "key": undefined,
                        "nodeType": "host",
                        "props": Object {
                          "className": "form-control",
                          "id": "exampleInputPassword1",
                          "name": "password",
                          "onChange": [Function],
                          "placeholder": "Password",
                          "type": "password",
                        },
                        "ref": null,
                        "rendered": null,
                        "type": "input",
                      },
                    ],
                    "type": "div",
                  },
                  Object {
                    "instance": null,
                    "key": undefined,
                    "nodeType": "host",
                    "props": Object {
                      "children": "Submit",
                      "className": "btn btn-primary",
                      "type": "submit",
                    },
                    "ref": null,
                    "rendered": "Submit",
                    "type": "button",
                  },
                ],
                "type": "form",
              },
              Object {
                "instance": null,
                "key": undefined,
                "nodeType": "host",
                "props": Object {
                  "children": "Don't have an account?",
                  "href": "/signup",
                  "id": "signUpLink",
                },
                "ref": null,
                "rendered": "Don't have an account?",
                "type": "a",
              },
            ],
            "type": "div",
          },
        ],
        "type": "div",
      },
      "type": "div",
    },
  ],
  Symbol(enzyme.__options__): Object {
    "adapter": ReactSixteenAdapter {
      "options": Object {
        "enableComponentDidUpdateOnSetState": true,
        "legacyContextMode": "parent",
        "lifecycles": Object {
          "componentDidUpdate": Object {
            "onSetState": true,
          },
          "getChildContext": Object {
            "calledByRenderer": false,
          },
          "getDerivedStateFromError": true,
          "getDerivedStateFromProps": Object {
            "hasShouldComponentUpdateBug": false,
          },
          "getSnapshotBeforeUpdate": true,
          "setState": Object {
            "skipsComponentDidUpdateOnNullish": true,
          },
        },
      },
    },
  },
  Symbol(enzyme.__childContext__): null,
}
`;
